---
source: ast/src/lib.rs
expression: parsed
---
Ok(
    AstFile {
        package: AstIdentifier {
            range: AstRange {
                start: AstPoint {
                    line: 1,
                    col: 8,
                },
                end: AstPoint {
                    line: 1,
                    col: 21,
                },
            },
            value: "ch.emilycares",
        },
        imports: [],
        thing: Class(
            AstClass {
                avaliability: Public,
                name: AstIdentifier {
                    range: AstRange {
                        start: AstPoint {
                            line: 3,
                            col: 13,
                        },
                        end: AstPoint {
                            line: 3,
                            col: 23,
                        },
                    },
                    value: "Everything",
                },
                superclass: None,
                variables: [
                    AstClassVariable {
                        range: AstRange {
                            start: AstPoint {
                                line: 5,
                                col: 4,
                            },
                            end: AstPoint {
                                line: 6,
                                col: 11,
                            },
                        },
                        avaliability: Public,
                        name: AstIdentifier {
                            range: AstRange {
                                start: AstPoint {
                                    line: 5,
                                    col: 15,
                                },
                                end: AstPoint {
                                    line: 5,
                                    col: 29,
                                },
                            },
                            value: "publicproperty",
                        },
                        jtype: AstJType {
                            range: AstRange {
                                start: AstPoint {
                                    line: 5,
                                    col: 11,
                                },
                                end: AstPoint {
                                    line: 5,
                                    col: 14,
                                },
                            },
                            value: Int,
                        },
                        value: None,
                    },
                    AstClassVariable {
                        range: AstRange {
                            start: AstPoint {
                                line: 6,
                                col: 12,
                            },
                            end: AstPoint {
                                line: 8,
                                col: 6,
                            },
                        },
                        avaliability: Private,
                        name: AstIdentifier {
                            range: AstRange {
                                start: AstPoint {
                                    line: 6,
                                    col: 16,
                                },
                                end: AstPoint {
                                    line: 6,
                                    col: 31,
                                },
                            },
                            value: "privateproperty",
                        },
                        jtype: AstJType {
                            range: AstRange {
                                start: AstPoint {
                                    line: 6,
                                    col: 12,
                                },
                                end: AstPoint {
                                    line: 6,
                                    col: 15,
                                },
                            },
                            value: Int,
                        },
                        value: None,
                    },
                    AstClassVariable {
                        range: AstRange {
                            start: AstPoint {
                                line: 11,
                                col: 4,
                            },
                            end: AstPoint {
                                line: 12,
                                col: 1,
                            },
                        },
                        avaliability: Private,
                        name: AstIdentifier {
                            range: AstRange {
                                start: AstPoint {
                                    line: 11,
                                    col: 16,
                                },
                                end: AstPoint {
                                    line: 11,
                                    col: 31,
                                },
                            },
                            value: "privateproperty",
                        },
                        jtype: AstJType {
                            range: AstRange {
                                start: AstPoint {
                                    line: 11,
                                    col: 12,
                                },
                                end: AstPoint {
                                    line: 11,
                                    col: 15,
                                },
                            },
                            value: Int,
                        },
                        value: None,
                    },
                ],
            },
        ),
    },
)
