---
source: ast/src/lib.rs
expression: parsed.unwrap()
---
(
    Equasion(
        AstValueEquasion {
            range: AstRange {
                start: AstPoint {
                    line: 0,
                    col: 0,
                },
                end: AstPoint {
                    line: 0,
                    col: 18,
                },
            },
            lhs: Expression(
                AstExpression {
                    range: AstRange {
                        start: AstPoint {
                            line: 0,
                            col: 0,
                        },
                        end: AstPoint {
                            line: 0,
                            col: 3,
                        },
                    },
                    ident: Some(
                        Nuget(
                            StringLiteral(
                                AstIdentifier {
                                    range: AstRange {
                                        start: AstPoint {
                                            line: 0,
                                            col: 0,
                                        },
                                        end: AstPoint {
                                            line: 0,
                                            col: 5,
                                        },
                                    },
                                    value: "z",
                                },
                            ),
                        ),
                    ),
                    values: None,
                    next: None,
                },
            ),
            operator: Plus(
                AstRange {
                    start: AstPoint {
                        line: 0,
                        col: 4,
                    },
                    end: AstPoint {
                        line: 0,
                        col: 5,
                    },
                },
            ),
            rhs: Expression(
                AstExpression {
                    range: AstRange {
                        start: AstPoint {
                            line: 0,
                            col: 6,
                        },
                        end: AstPoint {
                            line: 0,
                            col: 18,
                        },
                    },
                    ident: Some(
                        Identifier(
                            AstIdentifier {
                                range: AstRange {
                                    start: AstPoint {
                                        line: 0,
                                        col: 6,
                                    },
                                    end: AstPoint {
                                        line: 0,
                                        col: 7,
                                    },
                                },
                                value: "a",
                            },
                        ),
                    ),
                    values: None,
                    next: Some(
                        AstExpression {
                            range: AstRange {
                                start: AstPoint {
                                    line: 0,
                                    col: 7,
                                },
                                end: AstPoint {
                                    line: 0,
                                    col: 18,
                                },
                            },
                            ident: None,
                            values: None,
                            next: Some(
                                AstExpression {
                                    range: AstRange {
                                        start: AstPoint {
                                            line: 0,
                                            col: 8,
                                        },
                                        end: AstPoint {
                                            line: 0,
                                            col: 18,
                                        },
                                    },
                                    ident: Some(
                                        Identifier(
                                            AstIdentifier {
                                                range: AstRange {
                                                    start: AstPoint {
                                                        line: 0,
                                                        col: 8,
                                                    },
                                                    end: AstPoint {
                                                        line: 0,
                                                        col: 16,
                                                    },
                                                },
                                                value: "getThing",
                                            },
                                        ),
                                    ),
                                    values: None,
                                    next: Some(
                                        AstExpression {
                                            range: AstRange {
                                                start: AstPoint {
                                                    line: 0,
                                                    col: 16,
                                                },
                                                end: AstPoint {
                                                    line: 0,
                                                    col: 18,
                                                },
                                            },
                                            ident: None,
                                            values: Some(
                                                AstValues {
                                                    range: AstRange {
                                                        start: AstPoint {
                                                            line: 0,
                                                            col: 16,
                                                        },
                                                        end: AstPoint {
                                                            line: 0,
                                                            col: 18,
                                                        },
                                                    },
                                                    values: [],
                                                },
                                            ),
                                            next: None,
                                        },
                                    ),
                                },
                            ),
                        },
                    ),
                },
            ),
        },
    ),
    9,
)
