---
source: ast/src/lib.rs
expression: parsed.unwrap()
snapshot_kind: text
---
(
    AstBlockVariable {
        range: AstRange {
            start: AstPoint {
                line: 0,
                col: 0,
            },
            end: AstPoint {
                line: 0,
                col: 50,
            },
        },
        name: AstIdentifier {
            range: AstRange {
                start: AstPoint {
                    line: 0,
                    col: 9,
                },
                end: AstPoint {
                    line: 0,
                    col: 13,
                },
            },
            value: "cars",
        },
        jtype: AstJType {
            range: AstRange {
                start: AstPoint {
                    line: 0,
                    col: 0,
                },
                end: AstPoint {
                    line: 0,
                    col: 6,
                },
            },
            value: Array(
                AstJType {
                    range: AstRange {
                        start: AstPoint {
                            line: 0,
                            col: 0,
                        },
                        end: AstPoint {
                            line: 0,
                            col: 6,
                        },
                    },
                    value: Class(
                        AstIdentifier {
                            range: AstRange {
                                start: AstPoint {
                                    line: 0,
                                    col: 0,
                                },
                                end: AstPoint {
                                    line: 0,
                                    col: 6,
                                },
                            },
                            value: "String",
                        },
                    ),
                },
            ),
        },
        expression: Some(
            Recursive(
                AstRecursiveExpression {
                    range: AstRange {
                        start: AstPoint {
                            line: 0,
                            col: 16,
                        },
                        end: AstPoint {
                            line: 0,
                            col: 49,
                        },
                    },
                    ident: Some(
                        Value(
                            Array(
                                AstValues {
                                    range: AstRange {
                                        start: AstPoint {
                                            line: 0,
                                            col: 16,
                                        },
                                        end: AstPoint {
                                            line: 0,
                                            col: 49,
                                        },
                                    },
                                    values: [
                                        AstRecursiveExpression {
                                            range: AstRange {
                                                start: AstPoint {
                                                    line: 0,
                                                    col: 17,
                                                },
                                                end: AstPoint {
                                                    line: 0,
                                                    col: 24,
                                                },
                                            },
                                            ident: Some(
                                                Value(
                                                    Nuget(
                                                        StringLiteral(
                                                            AstIdentifier {
                                                                range: AstRange {
                                                                    start: AstPoint {
                                                                        line: 0,
                                                                        col: 17,
                                                                    },
                                                                    end: AstPoint {
                                                                        line: 0,
                                                                        col: 24,
                                                                    },
                                                                },
                                                                value: "Volvo",
                                                            },
                                                        ),
                                                    ),
                                                ),
                                            ),
                                            values: None,
                                            next: None,
                                            operator: None,
                                        },
                                        AstRecursiveExpression {
                                            range: AstRange {
                                                start: AstPoint {
                                                    line: 0,
                                                    col: 26,
                                                },
                                                end: AstPoint {
                                                    line: 0,
                                                    col: 31,
                                                },
                                            },
                                            ident: Some(
                                                Value(
                                                    Nuget(
                                                        StringLiteral(
                                                            AstIdentifier {
                                                                range: AstRange {
                                                                    start: AstPoint {
                                                                        line: 0,
                                                                        col: 26,
                                                                    },
                                                                    end: AstPoint {
                                                                        line: 0,
                                                                        col: 31,
                                                                    },
                                                                },
                                                                value: "BMW",
                                                            },
                                                        ),
                                                    ),
                                                ),
                                            ),
                                            values: None,
                                            next: None,
                                            operator: None,
                                        },
                                        AstRecursiveExpression {
                                            range: AstRange {
                                                start: AstPoint {
                                                    line: 0,
                                                    col: 33,
                                                },
                                                end: AstPoint {
                                                    line: 0,
                                                    col: 39,
                                                },
                                            },
                                            ident: Some(
                                                Value(
                                                    Nuget(
                                                        StringLiteral(
                                                            AstIdentifier {
                                                                range: AstRange {
                                                                    start: AstPoint {
                                                                        line: 0,
                                                                        col: 33,
                                                                    },
                                                                    end: AstPoint {
                                                                        line: 0,
                                                                        col: 39,
                                                                    },
                                                                },
                                                                value: "Ford",
                                                            },
                                                        ),
                                                    ),
                                                ),
                                            ),
                                            values: None,
                                            next: None,
                                            operator: None,
                                        },
                                        AstRecursiveExpression {
                                            range: AstRange {
                                                start: AstPoint {
                                                    line: 0,
                                                    col: 41,
                                                },
                                                end: AstPoint {
                                                    line: 0,
                                                    col: 48,
                                                },
                                            },
                                            ident: Some(
                                                Value(
                                                    Nuget(
                                                        StringLiteral(
                                                            AstIdentifier {
                                                                range: AstRange {
                                                                    start: AstPoint {
                                                                        line: 0,
                                                                        col: 41,
                                                                    },
                                                                    end: AstPoint {
                                                                        line: 0,
                                                                        col: 48,
                                                                    },
                                                                },
                                                                value: "Mazda",
                                                            },
                                                        ),
                                                    ),
                                                ),
                                            ),
                                            values: None,
                                            next: None,
                                            operator: None,
                                        },
                                    ],
                                },
                            ),
                        ),
                    ),
                    values: None,
                    next: None,
                    operator: None,
                },
            ),
        ),
    },
    23,
)
