---
source: crates/ast/tests/ast.rs
expression: parsed.unwrap()
---
AstFile {
    package: Some(
        AstPackage {
            range: AstRange {
                start: AstPoint { 0:0 },
                end: AstPoint { 0:22 },
            },
            annotated: [],
            name: AstIdentifier {
                range: AstRange {
                    start: AstPoint { 0:8 },
                    end: AstPoint { 0:21 },
                },
                value: "ch.emilycares",
            },
        },
    ),
    imports: Some(
        AstImports {
            range: AstRange {
                start: AstPoint { 2:0 },
                end: AstPoint { 0:22 },
            },
            imports: [],
        },
    ),
    things: [
        Class(
            AstClass {
                range: AstRange {
                    start: AstPoint { 2:0 },
                    end: AstPoint { 36:1 },
                },
                availability: AstAvailability(
                    Public,
                ),
                attributes: AstThingAttributes(
                    0x0,
                ),
                annotated: [],
                name: AstIdentifier {
                    range: AstRange {
                        start: AstPoint { 2:13 },
                        end: AstPoint { 2:23 },
                    },
                    value: "Everything",
                },
                type_parameters: None,
                superclass: [],
                implements: [],
                permits: [],
                block: AstClassBlock {
                    variables: [
                        AstClassVariable {
                            range: AstRange {
                                start: AstPoint { 3:4 },
                                end: AstPoint { 3:14 },
                            },
                            availability: AstAvailability(
                                0x0,
                            ),
                            annotated: [],
                            name: AstIdentifier {
                                range: AstRange {
                                    start: AstPoint { 3:8 },
                                    end: AstPoint { 3:14 },
                                },
                                value: "noprop",
                            },
                            jtype: AstJType {
                                annotated: [],
                                range: AstRange {
                                    start: AstPoint { 3:4 },
                                    end: AstPoint { 3:7 },
                                },
                                value: Int,
                            },
                            expression: None,
                            volatile_transient: AstVolatileTransient(
                                0x0,
                            ),
                        },
                        AstClassVariable {
                            range: AstRange {
                                start: AstPoint { 7:4 },
                                end: AstPoint { 7:29 },
                            },
                            availability: AstAvailability(
                                Public,
                            ),
                            annotated: [],
                            name: AstIdentifier {
                                range: AstRange {
                                    start: AstPoint { 7:15 },
                                    end: AstPoint { 7:29 },
                                },
                                value: "publicproperty",
                            },
                            jtype: AstJType {
                                annotated: [],
                                range: AstRange {
                                    start: AstPoint { 7:11 },
                                    end: AstPoint { 7:14 },
                                },
                                value: Int,
                            },
                            expression: None,
                            volatile_transient: AstVolatileTransient(
                                0x0,
                            ),
                        },
                        AstClassVariable {
                            range: AstRange {
                                start: AstPoint { 8:4 },
                                end: AstPoint { 8:31 },
                            },
                            availability: AstAvailability(
                                Private,
                            ),
                            annotated: [],
                            name: AstIdentifier {
                                range: AstRange {
                                    start: AstPoint { 8:16 },
                                    end: AstPoint { 8:31 },
                                },
                                value: "privateproperty",
                            },
                            jtype: AstJType {
                                annotated: [],
                                range: AstRange {
                                    start: AstPoint { 8:12 },
                                    end: AstPoint { 8:15 },
                                },
                                value: Int,
                            },
                            expression: None,
                            volatile_transient: AstVolatileTransient(
                                0x0,
                            ),
                        },
                    ],
                    methods: [
                        AstClassMethod {
                            range: AstRange {
                                start: AstPoint { 10:4 },
                                end: AstPoint { 11:5 },
                            },
                            header: AstMethodHeader {
                                range: AstRange {
                                    start: AstPoint { 10:4 },
                                    end: AstPoint { 10:17 },
                                },
                                availability: AstAvailability(
                                    0x0,
                                ),
                                name: AstIdentifier {
                                    range: AstRange {
                                        start: AstPoint { 10:9 },
                                        end: AstPoint { 10:15 },
                                    },
                                    value: "method",
                                },
                                jtype: AstJType {
                                    annotated: [],
                                    range: AstRange {
                                        start: AstPoint { 10:4 },
                                        end: AstPoint { 10:8 },
                                    },
                                    value: Void,
                                },
                                parameters: AstMethodParameters {
                                    range: AstRange {
                                        start: AstPoint { 10:15 },
                                        end: AstPoint { 10:17 },
                                    },
                                    parameters: [],
                                },
                                throws: None,
                                type_parameters: None,
                                annotated: [],
                            },
                            block: Some(
                                AstBlock {
                                    range: AstRange {
                                        start: AstPoint { 10:18 },
                                        end: AstPoint { 11:5 },
                                    },
                                    entries: [],
                                },
                            ),
                        },
                        AstClassMethod {
                            range: AstRange {
                                start: AstPoint { 13:4 },
                                end: AstPoint { 14:5 },
                            },
                            header: AstMethodHeader {
                                range: AstRange {
                                    start: AstPoint { 13:4 },
                                    end: AstPoint { 13:31 },
                                },
                                availability: AstAvailability(
                                    Public,
                                ),
                                name: AstIdentifier {
                                    range: AstRange {
                                        start: AstPoint { 13:16 },
                                        end: AstPoint { 13:29 },
                                    },
                                    value: "public_method",
                                },
                                jtype: AstJType {
                                    annotated: [],
                                    range: AstRange {
                                        start: AstPoint { 13:11 },
                                        end: AstPoint { 13:15 },
                                    },
                                    value: Void,
                                },
                                parameters: AstMethodParameters {
                                    range: AstRange {
                                        start: AstPoint { 13:29 },
                                        end: AstPoint { 13:31 },
                                    },
                                    parameters: [],
                                },
                                throws: None,
                                type_parameters: None,
                                annotated: [],
                            },
                            block: Some(
                                AstBlock {
                                    range: AstRange {
                                        start: AstPoint { 13:32 },
                                        end: AstPoint { 14:5 },
                                    },
                                    entries: [],
                                },
                            ),
                        },
                        AstClassMethod {
                            range: AstRange {
                                start: AstPoint { 16:4 },
                                end: AstPoint { 17:5 },
                            },
                            header: AstMethodHeader {
                                range: AstRange {
                                    start: AstPoint { 16:4 },
                                    end: AstPoint { 16:33 },
                                },
                                availability: AstAvailability(
                                    Private,
                                ),
                                name: AstIdentifier {
                                    range: AstRange {
                                        start: AstPoint { 16:17 },
                                        end: AstPoint { 16:31 },
                                    },
                                    value: "private_method",
                                },
                                jtype: AstJType {
                                    annotated: [],
                                    range: AstRange {
                                        start: AstPoint { 16:12 },
                                        end: AstPoint { 16:16 },
                                    },
                                    value: Void,
                                },
                                parameters: AstMethodParameters {
                                    range: AstRange {
                                        start: AstPoint { 16:31 },
                                        end: AstPoint { 16:33 },
                                    },
                                    parameters: [],
                                },
                                throws: None,
                                type_parameters: None,
                                annotated: [],
                            },
                            block: Some(
                                AstBlock {
                                    range: AstRange {
                                        start: AstPoint { 16:34 },
                                        end: AstPoint { 17:5 },
                                    },
                                    entries: [],
                                },
                            ),
                        },
                        AstClassMethod {
                            range: AstRange {
                                start: AstPoint { 19:4 },
                                end: AstPoint { 21:5 },
                            },
                            header: AstMethodHeader {
                                range: AstRange {
                                    start: AstPoint { 19:4 },
                                    end: AstPoint { 19:13 },
                                },
                                availability: AstAvailability(
                                    0x0,
                                ),
                                name: AstIdentifier {
                                    range: AstRange {
                                        start: AstPoint { 19:8 },
                                        end: AstPoint { 19:11 },
                                    },
                                    value: "out",
                                },
                                jtype: AstJType {
                                    annotated: [],
                                    range: AstRange {
                                        start: AstPoint { 19:4 },
                                        end: AstPoint { 19:7 },
                                    },
                                    value: Int,
                                },
                                parameters: AstMethodParameters {
                                    range: AstRange {
                                        start: AstPoint { 19:11 },
                                        end: AstPoint { 19:13 },
                                    },
                                    parameters: [],
                                },
                                throws: None,
                                type_parameters: None,
                                annotated: [],
                            },
                            block: Some(
                                AstBlock {
                                    range: AstRange {
                                        start: AstPoint { 19:14 },
                                        end: AstPoint { 21:5 },
                                    },
                                    entries: [
                                        Return(
                                            AstBlockReturn {
                                                range: AstRange {
                                                    start: AstPoint { 20:8 },
                                                    end: AstPoint { 20:17 },
                                                },
                                                expression: Expression(
                                                    [
                                                        Base(
                                                            AstBaseExpression {
                                                                range: AstRange {
                                                                    start: AstPoint { 20:16 },
                                                                    end: AstPoint { 20:17 },
                                                                },
                                                                ident: Some(
                                                                    Value(
                                                                        Nuget(
                                                                            Int(
                                                                                AstInt {
                                                                                    range: AstRange {
                                                                                        start: AstPoint { 20:16 },
                                                                                        end: AstPoint { 20:17 },
                                                                                    },
                                                                                    value: "0",
                                                                                },
                                                                            ),
                                                                        ),
                                                                    ),
                                                                ),
                                                                values: None,
                                                                operator: None,
                                                            },
                                                        ),
                                                    ],
                                                ),
                                            },
                                        ),
                                    ],
                                },
                            ),
                        },
                        AstClassMethod {
                            range: AstRange {
                                start: AstPoint { 29:4 },
                                end: AstPoint { 31:5 },
                            },
                            header: AstMethodHeader {
                                range: AstRange {
                                    start: AstPoint { 29:4 },
                                    end: AstPoint { 29:25 },
                                },
                                availability: AstAvailability(
                                    0x0,
                                ),
                                name: AstIdentifier {
                                    range: AstRange {
                                        start: AstPoint { 29:8 },
                                        end: AstPoint { 29:11 },
                                    },
                                    value: "add",
                                },
                                jtype: AstJType {
                                    annotated: [],
                                    range: AstRange {
                                        start: AstPoint { 29:4 },
                                        end: AstPoint { 29:7 },
                                    },
                                    value: Int,
                                },
                                parameters: AstMethodParameters {
                                    range: AstRange {
                                        start: AstPoint { 29:11 },
                                        end: AstPoint { 29:25 },
                                    },
                                    parameters: [
                                        AstMethodParameter {
                                            range: AstRange {
                                                start: AstPoint { 29:12 },
                                                end: AstPoint { 29:17 },
                                            },
                                            annotated: [],
                                            jtype: AstJType {
                                                annotated: [],
                                                range: AstRange {
                                                    start: AstPoint { 29:12 },
                                                    end: AstPoint { 29:15 },
                                                },
                                                value: Int,
                                            },
                                            name: AstIdentifier {
                                                range: AstRange {
                                                    start: AstPoint { 29:16 },
                                                    end: AstPoint { 29:17 },
                                                },
                                                value: "a",
                                            },
                                            fin: false,
                                            variatic: false,
                                        },
                                        AstMethodParameter {
                                            range: AstRange {
                                                start: AstPoint { 29:19 },
                                                end: AstPoint { 29:24 },
                                            },
                                            annotated: [],
                                            jtype: AstJType {
                                                annotated: [],
                                                range: AstRange {
                                                    start: AstPoint { 29:19 },
                                                    end: AstPoint { 29:22 },
                                                },
                                                value: Int,
                                            },
                                            name: AstIdentifier {
                                                range: AstRange {
                                                    start: AstPoint { 29:23 },
                                                    end: AstPoint { 29:24 },
                                                },
                                                value: "b",
                                            },
                                            fin: false,
                                            variatic: false,
                                        },
                                    ],
                                },
                                throws: None,
                                type_parameters: None,
                                annotated: [],
                            },
                            block: Some(
                                AstBlock {
                                    range: AstRange {
                                        start: AstPoint { 29:26 },
                                        end: AstPoint { 31:5 },
                                    },
                                    entries: [
                                        Return(
                                            AstBlockReturn {
                                                range: AstRange {
                                                    start: AstPoint { 30:8 },
                                                    end: AstPoint { 30:21 },
                                                },
                                                expression: Expression(
                                                    [
                                                        Base(
                                                            AstBaseExpression {
                                                                range: AstRange {
                                                                    start: AstPoint { 30:15 },
                                                                    end: AstPoint { 30:16 },
                                                                },
                                                                ident: Some(
                                                                    Identifier(
                                                                        AstIdentifier {
                                                                            range: AstRange {
                                                                                start: AstPoint { 30:15 },
                                                                                end: AstPoint { 30:16 },
                                                                            },
                                                                            value: "a",
                                                                        },
                                                                    ),
                                                                ),
                                                                values: None,
                                                                operator: None,
                                                            },
                                                        ),
                                                        Base(
                                                            AstBaseExpression {
                                                                range: AstRange {
                                                                    start: AstPoint { 30:17 },
                                                                    end: AstPoint { 30:18 },
                                                                },
                                                                ident: None,
                                                                values: None,
                                                                operator: Plus(
                                                                    AstRange {
                                                                        start: AstPoint { 30:17 },
                                                                        end: AstPoint { 30:18 },
                                                                    },
                                                                ),
                                                            },
                                                        ),
                                                        Base(
                                                            AstBaseExpression {
                                                                range: AstRange {
                                                                    start: AstPoint { 30:19 },
                                                                    end: AstPoint { 30:20 },
                                                                },
                                                                ident: Some(
                                                                    Identifier(
                                                                        AstIdentifier {
                                                                            range: AstRange {
                                                                                start: AstPoint { 30:19 },
                                                                                end: AstPoint { 30:20 },
                                                                            },
                                                                            value: "b",
                                                                        },
                                                                    ),
                                                                ),
                                                                values: None,
                                                                operator: None,
                                                            },
                                                        ),
                                                    ],
                                                ),
                                            },
                                        ),
                                    ],
                                },
                            ),
                        },
                        AstClassMethod {
                            range: AstRange {
                                start: AstPoint { 33:4 },
                                end: AstPoint { 35:5 },
                            },
                            header: AstMethodHeader {
                                range: AstRange {
                                    start: AstPoint { 33:4 },
                                    end: AstPoint { 33:33 },
                                },
                                availability: AstAvailability(
                                    Static,
                                ),
                                name: AstIdentifier {
                                    range: AstRange {
                                        start: AstPoint { 33:15 },
                                        end: AstPoint { 33:19 },
                                    },
                                    value: "sadd",
                                },
                                jtype: AstJType {
                                    annotated: [],
                                    range: AstRange {
                                        start: AstPoint { 33:11 },
                                        end: AstPoint { 33:14 },
                                    },
                                    value: Int,
                                },
                                parameters: AstMethodParameters {
                                    range: AstRange {
                                        start: AstPoint { 33:19 },
                                        end: AstPoint { 33:33 },
                                    },
                                    parameters: [
                                        AstMethodParameter {
                                            range: AstRange {
                                                start: AstPoint { 33:20 },
                                                end: AstPoint { 33:25 },
                                            },
                                            annotated: [],
                                            jtype: AstJType {
                                                annotated: [],
                                                range: AstRange {
                                                    start: AstPoint { 33:20 },
                                                    end: AstPoint { 33:23 },
                                                },
                                                value: Int,
                                            },
                                            name: AstIdentifier {
                                                range: AstRange {
                                                    start: AstPoint { 33:24 },
                                                    end: AstPoint { 33:25 },
                                                },
                                                value: "a",
                                            },
                                            fin: false,
                                            variatic: false,
                                        },
                                        AstMethodParameter {
                                            range: AstRange {
                                                start: AstPoint { 33:27 },
                                                end: AstPoint { 33:32 },
                                            },
                                            annotated: [],
                                            jtype: AstJType {
                                                annotated: [],
                                                range: AstRange {
                                                    start: AstPoint { 33:27 },
                                                    end: AstPoint { 33:30 },
                                                },
                                                value: Int,
                                            },
                                            name: AstIdentifier {
                                                range: AstRange {
                                                    start: AstPoint { 33:31 },
                                                    end: AstPoint { 33:32 },
                                                },
                                                value: "b",
                                            },
                                            fin: false,
                                            variatic: false,
                                        },
                                    ],
                                },
                                throws: None,
                                type_parameters: None,
                                annotated: [],
                            },
                            block: Some(
                                AstBlock {
                                    range: AstRange {
                                        start: AstPoint { 33:34 },
                                        end: AstPoint { 35:5 },
                                    },
                                    entries: [
                                        Return(
                                            AstBlockReturn {
                                                range: AstRange {
                                                    start: AstPoint { 34:6 },
                                                    end: AstPoint { 34:19 },
                                                },
                                                expression: Expression(
                                                    [
                                                        Base(
                                                            AstBaseExpression {
                                                                range: AstRange {
                                                                    start: AstPoint { 34:13 },
                                                                    end: AstPoint { 34:14 },
                                                                },
                                                                ident: Some(
                                                                    Identifier(
                                                                        AstIdentifier {
                                                                            range: AstRange {
                                                                                start: AstPoint { 34:13 },
                                                                                end: AstPoint { 34:14 },
                                                                            },
                                                                            value: "a",
                                                                        },
                                                                    ),
                                                                ),
                                                                values: None,
                                                                operator: None,
                                                            },
                                                        ),
                                                        Base(
                                                            AstBaseExpression {
                                                                range: AstRange {
                                                                    start: AstPoint { 34:15 },
                                                                    end: AstPoint { 34:16 },
                                                                },
                                                                ident: None,
                                                                values: None,
                                                                operator: Plus(
                                                                    AstRange {
                                                                        start: AstPoint { 34:15 },
                                                                        end: AstPoint { 34:16 },
                                                                    },
                                                                ),
                                                            },
                                                        ),
                                                        Base(
                                                            AstBaseExpression {
                                                                range: AstRange {
                                                                    start: AstPoint { 34:17 },
                                                                    end: AstPoint { 34:18 },
                                                                },
                                                                ident: Some(
                                                                    Identifier(
                                                                        AstIdentifier {
                                                                            range: AstRange {
                                                                                start: AstPoint { 34:17 },
                                                                                end: AstPoint { 34:18 },
                                                                            },
                                                                            value: "b",
                                                                        },
                                                                    ),
                                                                ),
                                                                values: None,
                                                                operator: None,
                                                            },
                                                        ),
                                                    ],
                                                ),
                                            },
                                        ),
                                    ],
                                },
                            ),
                        },
                    ],
                    constructors: [
                        AstClassConstructor {
                            range: AstRange {
                                start: AstPoint { 5:4 },
                                end: AstPoint { 6:5 },
                            },
                            header: AstConstructorHeader {
                                range: AstRange {
                                    start: AstPoint { 5:4 },
                                    end: AstPoint { 5:23 },
                                },
                                availability: AstAvailability(
                                    Public,
                                ),
                                name: AstIdentifier {
                                    range: AstRange {
                                        start: AstPoint { 5:11 },
                                        end: AstPoint { 5:21 },
                                    },
                                    value: "Everything",
                                },
                                parameters: AstMethodParameters {
                                    range: AstRange {
                                        start: AstPoint { 5:21 },
                                        end: AstPoint { 5:23 },
                                    },
                                    parameters: [],
                                },
                                throws: None,
                                type_parameters: None,
                                annotated: [],
                            },
                            block: AstBlock {
                                range: AstRange {
                                    start: AstPoint { 5:24 },
                                    end: AstPoint { 6:5 },
                                },
                                entries: [],
                            },
                        },
                    ],
                    static_blocks: [],
                    inner: [],
                    blocks: [],
                },
            },
        ),
    ],
    modules: [],
}
