---
source: crates/ast/tests/ast.rs
expression: parsed
---
(
    AstJType {
        annotated: [],
        range: AstRange {
            start: AstPoint {
                line: 0,
                col: 0,
            },
            end: AstPoint {
                line: 0,
                col: 24,
            },
        },
        value: Generic(
            AstIdentifier {
                range: AstRange {
                    start: AstPoint {
                        line: 0,
                        col: 0,
                    },
                    end: AstPoint {
                        line: 0,
                        col: 7,
                    },
                },
                value: "HashMap",
            },
            [
                AstJType {
                    annotated: [],
                    range: AstRange {
                        start: AstPoint {
                            line: 0,
                            col: 8,
                        },
                        end: AstPoint {
                            line: 0,
                            col: 14,
                        },
                    },
                    value: Class(
                        AstIdentifier {
                            range: AstRange {
                                start: AstPoint {
                                    line: 0,
                                    col: 8,
                                },
                                end: AstPoint {
                                    line: 0,
                                    col: 14,
                                },
                            },
                            value: "String",
                        },
                    ),
                },
                AstJType {
                    annotated: [],
                    range: AstRange {
                        start: AstPoint {
                            line: 0,
                            col: 16,
                        },
                        end: AstPoint {
                            line: 0,
                            col: 23,
                        },
                    },
                    value: Class(
                        AstIdentifier {
                            range: AstRange {
                                start: AstPoint {
                                    line: 0,
                                    col: 16,
                                },
                                end: AstPoint {
                                    line: 0,
                                    col: 23,
                                },
                            },
                            value: "Integer",
                        },
                    ),
                },
            ],
        ),
    },
    6,
)
