---
source: crates/ast/tests/ast.rs
expression: parsed.unwrap()
---
AstFile {
    package: Some(
        AstPackage {
            range: AstRange {
                start: AstPoint { 0:0 },
                end: AstPoint { 0:22 },
            },
            annotated: [],
            name: AstIdentifier {
                range: AstRange {
                    start: AstPoint { 0:8 },
                    end: AstPoint { 0:21 },
                },
                value: "ch.emilycares",
            },
        },
    ),
    imports: Some(
        AstImports {
            range: AstRange {
                start: AstPoint { 1:0 },
                end: AstPoint { 0:22 },
            },
            imports: [],
        },
    ),
    things: [
        Annotation(
            AstAnnotation {
                range: AstRange {
                    start: AstPoint { 1:0 },
                    end: AstPoint { 4:1 },
                },
                availability: AstAvailability(
                    Public,
                ),
                attributes: AstThingAttributes(
                    0x0,
                ),
                annotated: [],
                name: AstIdentifier {
                    range: AstRange {
                        start: AstPoint { 1:17 },
                        end: AstPoint { 1:27 },
                    },
                    value: "Annotation",
                },
                fields: [
                    AstAnnotationField {
                        range: AstRange {
                            start: AstPoint { 2:4 },
                            end: AstPoint { 2:26 },
                        },
                        availability: AstAvailability(
                            0x0,
                        ),
                        annotated: [],
                        jtype: AstJType {
                            annotated: [],
                            range: AstRange {
                                start: AstPoint { 2:4 },
                                end: AstPoint { 2:7 },
                            },
                            value: Int,
                        },
                        name: AstIdentifier {
                            range: AstRange {
                                start: AstPoint { 2:8 },
                                end: AstPoint { 2:13 },
                            },
                            value: "value",
                        },
                        expression: Some(
                            [
                                Base(
                                    AstBaseExpression {
                                        range: AstRange {
                                            start: AstPoint { 2:25 },
                                            end: AstPoint { 2:26 },
                                        },
                                        ident: Some(
                                            Value(
                                                Nuget(
                                                    Int(
                                                        AstInt {
                                                            range: AstRange {
                                                                start: AstPoint { 2:25 },
                                                                end: AstPoint { 2:26 },
                                                            },
                                                            value: "0",
                                                        },
                                                    ),
                                                ),
                                            ),
                                        ),
                                        values: None,
                                        operator: None,
                                    },
                                ),
                            ],
                        ),
                    },
                    AstAnnotationField {
                        range: AstRange {
                            start: AstPoint { 3:4 },
                            end: AstPoint { 3:34 },
                        },
                        availability: AstAvailability(
                            0x0,
                        ),
                        annotated: [],
                        jtype: AstJType {
                            annotated: [],
                            range: AstRange {
                                start: AstPoint { 3:4 },
                                end: AstPoint { 3:10 },
                            },
                            value: Class(
                                AstIdentifier {
                                    range: AstRange {
                                        start: AstPoint { 3:4 },
                                        end: AstPoint { 3:10 },
                                    },
                                    value: "String",
                                },
                            ),
                        },
                        name: AstIdentifier {
                            range: AstRange {
                                start: AstPoint { 3:11 },
                                end: AstPoint { 3:15 },
                            },
                            value: "text",
                        },
                        expression: Some(
                            [
                                Base(
                                    AstBaseExpression {
                                        range: AstRange {
                                            start: AstPoint { 3:32 },
                                            end: AstPoint { 3:37 },
                                        },
                                        ident: Some(
                                            Value(
                                                Nuget(
                                                    StringLiteral(
                                                        AstIdentifier {
                                                            range: AstRange {
                                                                start: AstPoint { 3:32 },
                                                                end: AstPoint { 3:25 },
                                                            },
                                                            value: "Hello",
                                                        },
                                                    ),
                                                ),
                                            ),
                                        ),
                                        values: None,
                                        operator: None,
                                    },
                                ),
                            ],
                        ),
                    },
                ],
                inner: [],
            },
        ),
    ],
    modules: [],
}
