---
source: crates/ast/tests/ast.rs
expression: parsed
---
(
    AstJType {
        annotated: [],
        range: AstRange {
            start: AstPoint {
                line: 0,
                col: 0,
            },
            end: AstPoint {
                line: 0,
                col: 19,
            },
        },
        value: Generic(
            AstIdentifier {
                range: AstRange {
                    start: AstPoint {
                        line: 0,
                        col: 0,
                    },
                    end: AstPoint {
                        line: 0,
                        col: 9,
                    },
                },
                value: "Predicate",
            },
            [
                AstJType {
                    annotated: [],
                    range: AstRange {
                        start: AstPoint {
                            line: 0,
                            col: 10,
                        },
                        end: AstPoint {
                            line: 0,
                            col: 18,
                        },
                    },
                    value: Generic(
                        AstIdentifier {
                            range: AstRange {
                                start: AstPoint {
                                    line: 0,
                                    col: 10,
                                },
                                end: AstPoint {
                                    line: 0,
                                    col: 15,
                                },
                            },
                            value: "Class",
                        },
                        [
                            AstJType {
                                annotated: [],
                                range: AstRange {
                                    start: AstPoint {
                                        line: 0,
                                        col: 16,
                                    },
                                    end: AstPoint {
                                        line: 0,
                                        col: 18,
                                    },
                                },
                                value: Wildcard,
                            },
                        ],
                    ),
                },
            ],
        ),
    },
    7,
)
