---
source: crates/ast/tests/ast.rs
expression: parsed.unwrap()
---
(
    AstBlock {
        range: AstRange {
            start: AstPoint { 0:0 },
            end: AstPoint { 0:10 },
        },
        entries: [
            Variable(
                [
                    AstBlockVariable {
                        range: AstRange {
                            start: AstPoint { 0:1 },
                            end: AstPoint { 0:9 },
                        },
                        fin: false,
                        annotated: [],
                        jtype: AstJType {
                            annotated: [],
                            range: AstRange {
                                start: AstPoint { 0:1 },
                                end: AstPoint { 0:4 },
                            },
                            value: Var,
                        },
                        name: AstIdentifier {
                            range: AstRange {
                                start: AstPoint { 0:5 },
                                end: AstPoint { 0:6 },
                            },
                            value: "a",
                        },
                        value: None,
                    },
                ],
            ),
        ],
    },
    5,
)
