---
source: crates/ast/tests/ast.rs
expression: parsed
---
(
    AstSwitchCaseArrowValues {
        range: AstRange {
            start: AstPoint { 0:0 },
            end: AstPoint { 0:54 },
        },
        values: [
            Expression(
                [
                    Base(
                        AstBaseExpression {
                            range: AstRange {
                                start: AstPoint { 0:5 },
                                end: AstPoint { 0:17 },
                            },
                            ident: Some(
                                Identifier(
                                    AstIdentifier {
                                        range: AstRange {
                                            start: AstPoint { 0:5 },
                                            end: AstPoint { 0:17 },
                                        },
                                        value: "MILLI_OF_DAY",
                                    },
                                ),
                            ),
                            values: None,
                            operator: None,
                        },
                    ),
                ],
            ),
        ],
        content: Entry(
            Expression(
                AstBlockExpression {
                    range: AstRange {
                        start: AstPoint { 0:21 },
                        end: AstPoint { 0:54 },
                    },
                    value: [
                        Casted(
                            AstCastedExpression {
                                range: AstRange {
                                    start: AstPoint { 0:21 },
                                    end: AstPoint { 0:26 },
                                },
                                cast: AstJType {
                                    annotated: [],
                                    range: AstRange {
                                        start: AstPoint { 0:22 },
                                        end: AstPoint { 0:25 },
                                    },
                                    value: Int,
                                },
                            },
                        ),
                        Base(
                            AstBaseExpression {
                                range: AstRange {
                                    start: AstPoint { 0:27 },
                                    end: AstPoint { 0:53 },
                                },
                                ident: None,
                                values: Some(
                                    AstValues {
                                        range: AstRange {
                                            start: AstPoint { 0:27 },
                                            end: AstPoint { 0:53 },
                                        },
                                        values: [
                                            [
                                                Base(
                                                    AstBaseExpression {
                                                        range: AstRange {
                                                            start: AstPoint { 0:28 },
                                                            end: AstPoint { 0:39 },
                                                        },
                                                        ident: Some(
                                                            Identifier(
                                                                AstIdentifier {
                                                                    range: AstRange {
                                                                        start: AstPoint { 0:28 },
                                                                        end: AstPoint { 0:39 },
                                                                    },
                                                                    value: "toNanoOfDay",
                                                                },
                                                            ),
                                                        ),
                                                        values: None,
                                                        operator: None,
                                                    },
                                                ),
                                                Base(
                                                    AstBaseExpression {
                                                        range: AstRange {
                                                            start: AstPoint { 0:39 },
                                                            end: AstPoint { 0:41 },
                                                        },
                                                        ident: None,
                                                        values: Some(
                                                            AstValues {
                                                                range: AstRange {
                                                                    start: AstPoint { 0:39 },
                                                                    end: AstPoint { 0:41 },
                                                                },
                                                                values: [],
                                                            },
                                                        ),
                                                        operator: None,
                                                    },
                                                ),
                                                Base(
                                                    AstBaseExpression {
                                                        range: AstRange {
                                                            start: AstPoint { 0:42 },
                                                            end: AstPoint { 0:43 },
                                                        },
                                                        ident: None,
                                                        values: None,
                                                        operator: Divide(
                                                            AstRange {
                                                                start: AstPoint { 0:42 },
                                                                end: AstPoint { 0:43 },
                                                            },
                                                        ),
                                                    },
                                                ),
                                                Base(
                                                    AstBaseExpression {
                                                        range: AstRange {
                                                            start: AstPoint { 0:52 },
                                                            end: AstPoint { 0:60 },
                                                        },
                                                        ident: Some(
                                                            Value(
                                                                Nuget(
                                                                    Int(
                                                                        AstInt {
                                                                            range: AstRange {
                                                                                start: AstPoint { 0:52 },
                                                                                end: AstPoint { 0:60 },
                                                                            },
                                                                            value: "1000_000",
                                                                        },
                                                                    ),
                                                                ),
                                                            ),
                                                        ),
                                                        values: None,
                                                        operator: None,
                                                    },
                                                ),
                                            ],
                                        ],
                                    },
                                ),
                                operator: None,
                            },
                        ),
                    ],
                },
            ),
        ),
    },
    14,
)
