---
source: crates/ast/tests/ast.rs
expression: parsed
---
(
    AstAnnotated {
        range: AstRange {
            start: AstPoint { 0:0 },
            end: AstPoint { 0:44 },
        },
        name: AstIdentifier {
            range: AstRange {
                start: AstPoint { 0:1 },
                end: AstPoint { 0:17 },
            },
            value: "SuppressWarnings",
        },
        parameters: Parameter(
            [
                Expression(
                    [
                        Array(
                            AstValues {
                                range: AstRange {
                                    start: AstPoint { 0:18 },
                                    end: AstPoint { 0:43 },
                                },
                                values: [
                                    [
                                        Base(
                                            AstBaseExpression {
                                                range: AstRange {
                                                    start: AstPoint { 0:29 },
                                                    end: AstPoint { 0:38 },
                                                },
                                                ident: Some(
                                                    Value(
                                                        Nuget(
                                                            StringLiteral(
                                                                AstIdentifier {
                                                                    range: AstRange {
                                                                        start: AstPoint { 0:29 },
                                                                        end: AstPoint { 0:19 },
                                                                    },
                                                                    value: "unchecked",
                                                                },
                                                            ),
                                                        ),
                                                    ),
                                                ),
                                                values: None,
                                                operator: None,
                                            },
                                        ),
                                    ],
                                    [
                                        Base(
                                            AstBaseExpression {
                                                range: AstRange {
                                                    start: AstPoint { 0:41 },
                                                    end: AstPoint { 0:49 },
                                                },
                                                ident: Some(
                                                    Value(
                                                        Nuget(
                                                            StringLiteral(
                                                                AstIdentifier {
                                                                    range: AstRange {
                                                                        start: AstPoint { 0:41 },
                                                                        end: AstPoint { 0:31 },
                                                                    },
                                                                    value: "rawtypes",
                                                                },
                                                            ),
                                                        ),
                                                    ),
                                                ),
                                                values: None,
                                                operator: None,
                                            },
                                        ),
                                    ],
                                ],
                            },
                        ),
                    ],
                ),
            ],
        ),
    },
    9,
)
