---
source: crates/variables/src/lib.rs
expression: out
---
[
    LocalVariable {
        level: 2,
        jtype: Generic(
            "Uni",
            [
                Class(
                    "Response",
                ),
            ],
        ),
        name: "test",
        range: AstRange {
            start: AstPoint { 2:4 },
            end: AstPoint { 7:5 },
        },
        flags: VarFlags(
            Function,
        ),
    },
    LocalVariable {
        level: 3,
        jtype: Var,
        name: "t",
        range: AstRange {
            start: AstPoint { 3:29 },
            end: AstPoint { 3:30 },
        },
        flags: VarFlags(
            0x0,
        ),
    },
    LocalVariable {
        level: 4,
        jtype: Class(
            "Definition",
        ),
        name: "q",
        range: AstRange {
            start: AstPoint { 4:20 },
            end: AstPoint { 4:51 },
        },
        flags: VarFlags(
            0x0,
        ),
    },
]
