---
source: crates/variables/src/lib.rs
expression: out
---
[
    LocalVariable {
        level: 2,
        jtype: Void,
        name: "hello",
        range: AstRange {
            start: AstPoint { 3:4 },
            end: AstPoint { 31:5 },
        },
        flags: VarFlags(
            Function,
        ),
    },
    LocalVariable {
        level: 5,
        jtype: Class(
            "String",
        ),
        name: "ty1",
        range: AstRange {
            start: AstPoint { 8:12 },
            end: AstPoint { 8:28 },
        },
        flags: VarFlags(
            0x0,
        ),
    },
]
