---
source: crates/variables/src/lib.rs
expression: out
---
[
    LocalVariable {
        level: 2,
        jtype: Class(
            "String",
        ),
        name: "options",
        range: AstRange {
            start: AstPoint { 3:4 },
            end: AstPoint { 7:5 },
        },
        flags: VarFlags(
            Function,
        ),
    },
    LocalVariable {
        level: 2,
        jtype: Class(
            "String",
        ),
        name: "outer",
        range: AstRange {
            start: AstPoint { 4:26 },
            end: AstPoint { 4:44 },
        },
        flags: VarFlags(
            0x0,
        ),
    },
    LocalVariable {
        level: 3,
        jtype: Class(
            "String",
        ),
        name: "inner",
        range: AstRange {
            start: AstPoint { 5:6 },
            end: AstPoint { 5:22 },
        },
        flags: VarFlags(
            0x0,
        ),
    },
]
