---
source: gradle/src/tree.rs
expression: out
snapshot_kind: text
---
- group_id: com.github.toolarium
  artivact_id: toolariumenumconfiguration
  version: 1.2.0
- group_id: com.fasterxml.jackson.core
  artivact_id: jacksondatabind
  version: 2.17.1
- group_id: com.fasterxml.jackson.core
  artivact_id: jacksonannotations
  version: 2.17.1
- group_id: com.fasterxml.jackson
  artivact_id: jacksonbom
  version: 2.17.1
- group_id: com.fasterxml.jackson.core
  artivact_id: jacksonannotations
  version: 2.17.1
- group_id: com.fasterxml.jackson.core
  artivact_id: jacksoncore
  version: 2.17.1
- group_id: com.fasterxml.jackson.core
  artivact_id: jacksondatabind
  version: 2.17.1
- group_id: com.fasterxml.jackson.datatype
  artivact_id: jacksondatatypejsr310
  version: 2.17.1
- group_id: com.fasterxml.jackson.core
  artivact_id: jacksoncore
  version: 2.17.1
- group_id: com.fasterxml.jackson
  artivact_id: jacksonbom
  version: 2.17.1
- group_id: com.fasterxml.jackson
  artivact_id: jacksonbom
  version: 2.17.1
- group_id: com.fasterxml.jackson.core
  artivact_id: jacksoncore
  version: 2.17.1
- group_id: com.fasterxml.jackson.datatype
  artivact_id: jacksondatatypejsr310
  version: 2.17.1
- group_id: com.fasterxml.jackson.core
  artivact_id: jacksonannotations
  version: 2.17.1
- group_id: com.fasterxml.jackson.core
  artivact_id: jacksoncore
  version: 2.17.1
- group_id: com.fasterxml.jackson.core
  artivact_id: jacksondatabind
  version: 2.17.1
- group_id: com.fasterxml.jackson
  artivact_id: jacksonbom
  version: 2.17.1
- group_id: org.slf4j
  artivact_id: slf4japi
  version: 2.0.10
- group_id: com.puppycrawl.tools
  artivact_id: checkstyle
  version: 10.3.3
- group_id: info.picocli
  artivact_id: picocli
  version: 4.6.3
- group_id: org.antlr
  artivact_id: antlr4runtime
  version: 4.10.1
- group_id: commonsbeanutils
  artivact_id: commonsbeanutils
  version: 1.9.4
- group_id: commonscollections
  artivact_id: commonscollections
  version: 3.2.2
- group_id: com.google.guava
  artivact_id: guava
  version: 31.1jre
- group_id: com.google.guava
  artivact_id: failureaccess
  version: 1.0.1
- group_id: com.google.guava
  artivact_id: listenablefuture
  version: 9999.0emptytoavoidconflictwithguava
- group_id: com.google.code.findbugs
  artivact_id: jsr305
  version: 3.0.2
- group_id: org.checkerframework
  artivact_id: checkerqual
  version: 3.12.0
- group_id: com.google.errorprone
  artivact_id: error_prone_annotations
  version: 2.11.0
- group_id: com.google.j2objc
  artivact_id: j2objcannotations
  version: "1.3"
- group_id: org.reflections
  artivact_id: reflections
  version: 0.10.2
- group_id: org.javassist
  artivact_id: javassist
  version: 3.28.0GA
- group_id: com.google.code.findbugs
  artivact_id: jsr305
  version: 3.0.2
- group_id: net.sf.saxon
  artivact_id: SaxonHE
  version: "11.4"
- group_id: org.xmlresolver
  artivact_id: xmlresolver
  version: 4.4.3
- group_id: org.apache.httpcomponents.client5
  artivact_id: httpclient5
  version: 5.1.3
- group_id: org.apache.httpcomponents.core5
  artivact_id: httpcore5
  version: 5.1.3
- group_id: org.apache.httpcomponents.core5
  artivact_id: httpcore5h2
  version: 5.1.3
- group_id: org.apache.httpcomponents.core5
  artivact_id: httpcore5
  version: 5.1.3
- group_id: commonscodec
  artivact_id: commonscodec
  version: "1.15"
- group_id: org.apache.httpcomponents.core5
  artivact_id: httpcore5
  version: 5.1.3
- group_id: com.github.toolarium
  artivact_id: toolariumenumconfiguration
  version: 1.2.0
- group_id: org.slf4j
  artivact_id: slf4japi
  version: 2.0.13
- group_id: com.github.toolarium
  artivact_id: toolariumenumconfiguration
  version: 1.2.0
- group_id: org.slf4j
  artivact_id: slf4japi
  version: 2.0.13
- group_id: org.jacoco
  artivact_id: org.jacoco.agent
  version: 0.8.9
- group_id: org.jacoco
  artivact_id: org.jacoco.ant
  version: 0.8.9
- group_id: org.jacoco
  artivact_id: org.jacoco.core
  version: 0.8.9
- group_id: org.ow2.asm
  artivact_id: asm
  version: "9.5"
- group_id: org.ow2.asm
  artivact_id: asmcommons
  version: "9.5"
- group_id: org.ow2.asm
  artivact_id: asm
  version: "9.5"
- group_id: org.ow2.asm
  artivact_id: asmtree
  version: "9.5"
- group_id: org.ow2.asm
  artivact_id: asm
  version: "9.5"
- group_id: org.ow2.asm
  artivact_id: asmtree
  version: "9.5"
- group_id: org.jacoco
  artivact_id: org.jacoco.report
  version: 0.8.9
- group_id: org.jacoco
  artivact_id: org.jacoco.core
  version: 0.8.9
- group_id: org.jacoco
  artivact_id: org.jacoco.agent
  version: 0.8.9
- group_id: net.sf.jptools
  artivact_id: jptools
  version: 1.7.11
- group_id: net.sourceforge.jexcelapi
  artivact_id: jxl
  version: 2.6.12
- group_id: org.apache.poi
  artivact_id: poi
  version: "3.9"
- group_id: commonscodec
  artivact_id: commonscodec
  version: "1.5"
- group_id: org.apache.poi
  artivact_id: poiooxml
  version: "3.9"
- group_id: org.apache.poi
  artivact_id: poi
  version: "3.9"
- group_id: org.apache.poi
  artivact_id: poiooxmlschemas
  version: "3.9"
- group_id: org.apache.xmlbeans
  artivact_id: xmlbeans
  version: 2.3.0
- group_id: stax
  artivact_id: staxapi
  version: 1.0.1
- group_id: dom4j
  artivact_id: dom4j
  version: 1.6.1
- group_id: xmlapis
  artivact_id: xmlapis
  version: 1.0.b2
- group_id: org.slf4j
  artivact_id: slf4japi
  version: 2.0.13
- group_id: org.slf4j
  artivact_id: slf4japi
  version: 2.0.13
- group_id: org.junit.jupiter
  artivact_id: junitjupiterapi
  version: 5.7.1
- group_id: org.junit
  artivact_id: junitbom
  version: 5.7.1
- group_id: org.junit.jupiter
  artivact_id: junitjupiterapi
  version: 5.7.1
- group_id: org.junit.platform
  artivact_id: junitplatformcommons
  version: 1.7.1
- group_id: org.apiguardian
  artivact_id: apiguardianapi
  version: 1.1.0
- group_id: org.opentest4j
  artivact_id: opentest4j
  version: 1.2.0
- group_id: org.junit.platform
  artivact_id: junitplatformcommons
  version: 1.7.1
- group_id: org.junit
  artivact_id: junitbom
  version: 5.7.1
- group_id: org.apiguardian
  artivact_id: apiguardianapi
  version: 1.1.0
- group_id: com.github.toolarium
  artivact_id: toolariumenumconfiguration
  version: 1.2.0
- group_id: org.junit.jupiter
  artivact_id: junitjupiterapi
  version: 5.7.1
- group_id: com.github.toolarium
  artivact_id: toolariumenumconfiguration
  version: 1.2.0
- group_id: org.slf4j
  artivact_id: slf4japi
  version: 2.0.13
- group_id: org.junit.jupiter
  artivact_id: junitjupiterapi
  version: 5.7.1
- group_id: org.junit
  artivact_id: junitbom
  version: 5.7.1
- group_id: org.junit.jupiter
  artivact_id: junitjupiterapi
  version: 5.7.1
- group_id: org.junit.jupiter
  artivact_id: junitjupiterengine
  version: 5.7.1
- group_id: org.junit.platform
  artivact_id: junitplatformcommons
  version: 1.7.1
- group_id: org.junit.platform
  artivact_id: junitplatformengine
  version: 1.7.1
- group_id: org.junit.platform
  artivact_id: junitplatformlauncher
  version: 1.7.1
- group_id: org.apiguardian
  artivact_id: apiguardianapi
  version: 1.1.0
- group_id: org.opentest4j
  artivact_id: opentest4j
  version: 1.2.0
- group_id: org.junit.platform
  artivact_id: junitplatformcommons
  version: 1.7.1
- group_id: org.junit
  artivact_id: junitbom
  version: 5.7.1
- group_id: org.apiguardian
  artivact_id: apiguardianapi
  version: 1.1.0
- group_id: com.github.toolarium
  artivact_id: toolariumenumconfiguration
  version: 1.2.0
- group_id: com.fasterxml.jackson.core
  artivact_id: jacksondatabind
  version: 2.17.1
- group_id: com.fasterxml.jackson.core
  artivact_id: jacksonannotations
  version: 2.17.1
- group_id: com.fasterxml.jackson
  artivact_id: jacksonbom
  version: 2.17.1
- group_id: com.fasterxml.jackson.core
  artivact_id: jacksonannotations
  version: 2.17.1
- group_id: com.fasterxml.jackson.core
  artivact_id: jacksoncore
  version: 2.17.1
- group_id: com.fasterxml.jackson.core
  artivact_id: jacksondatabind
  version: 2.17.1
- group_id: com.fasterxml.jackson.datatype
  artivact_id: jacksondatatypejsr310
  version: 2.17.1
- group_id: com.fasterxml.jackson.core
  artivact_id: jacksoncore
  version: 2.17.1
- group_id: com.fasterxml.jackson
  artivact_id: jacksonbom
  version: 2.17.1
- group_id: com.fasterxml.jackson
  artivact_id: jacksonbom
  version: 2.17.1
- group_id: com.fasterxml.jackson.core
  artivact_id: jacksoncore
  version: 2.17.1
- group_id: com.fasterxml.jackson.datatype
  artivact_id: jacksondatatypejsr310
  version: 2.17.1
- group_id: com.fasterxml.jackson.core
  artivact_id: jacksonannotations
  version: 2.17.1
- group_id: com.fasterxml.jackson.core
  artivact_id: jacksoncore
  version: 2.17.1
- group_id: com.fasterxml.jackson.core
  artivact_id: jacksondatabind
  version: 2.17.1
- group_id: com.fasterxml.jackson
  artivact_id: jacksonbom
  version: 2.17.1
- group_id: org.slf4j
  artivact_id: slf4japi
  version: 2.0.10>2.0.13
- group_id: org.junit.jupiter
  artivact_id: junitjupiterengine
  version: 5.7.1
- group_id: org.junit
  artivact_id: junitbom
  version: 5.7.1
- group_id: org.apiguardian
  artivact_id: apiguardianapi
  version: 1.1.0
- group_id: org.junit.platform
  artivact_id: junitplatformengine
  version: 1.7.1
- group_id: org.junit
  artivact_id: junitbom
  version: 5.7.1
- group_id: org.apiguardian
  artivact_id: apiguardianapi
  version: 1.1.0
- group_id: org.opentest4j
  artivact_id: opentest4j
  version: 1.2.0
- group_id: org.junit.platform
  artivact_id: junitplatformcommons
  version: 1.7.1
- group_id: org.junit.jupiter
  artivact_id: junitjupiterapi
  version: 5.7.1
- group_id: org.junit
  artivact_id: junitbom
  version: 5.7.1
- group_id: org.apiguardian
  artivact_id: apiguardianapi
  version: 1.1.0
- group_id: org.junit.platform
  artivact_id: junitplatformengine
  version: 1.7.1
- group_id: ch.qos.logback
  artivact_id: logbackclassic
  version: 1.5.6
- group_id: ch.qos.logback
  artivact_id: logbackcore
  version: 1.5.6
- group_id: org.slf4j
  artivact_id: slf4japi
  version: 2.0.13
- group_id: org.junit.jupiter
  artivact_id: junitjupiterengine
  version: 5.7.1
- group_id: ch.qos.logback
  artivact_id: logbackclassic
  version: 1.5.6
