---
source: call_chain/tests/base.rs
expression: out
---
[
    ClassOrVariable {
        name: "local",
        range: AstRange {
            start: AstPoint {
                line: 5,
                col: 8,
            },
            end: AstPoint {
                line: 5,
                col: 13,
            },
        },
    },
]
