---
source: call_chain/tests/base.rs
expression: out
---
Some(
    [
        Class {
            name: "String",
            range: AstRange {
                start: AstPoint {
                    line: 5,
                    col: 16,
                },
                end: AstPoint {
                    line: 5,
                    col: 14,
                },
            },
        },
    ],
)
