---
source: crates/server/src/codeaction.rs
expression: result
snapshot_kind: text
---
CodeAction(
    CodeAction {
        title: "Generate Class",
        kind: None,
        diagnostics: None,
        edit: Some(
            WorkspaceEdit {
                changes: Some(
                    {
                        Uri(
                            Uri {
                                scheme: Some(
                                    "file",
                                ),
                                authority: Some(
                                    Authority {
                                        userinfo: None,
                                        host: Host {
                                            text: "",
                                            data: RegName(
                                                "",
                                            ),
                                        },
                                        port: None,
                                    },
                                ),
                                path: "/C:/src/test/java/my/thing/some/Thing.java",
                                query: None,
                                fragment: None,
                            },
                        ): [
                            TextEdit {
                                range: Range {
                                    start: Position {
                                        line: 0,
                                        character: 0,
                                    },
                                    end: Position {
                                        line: 0,
                                        character: 0,
                                    },
                                },
                                new_text: "package my.thing.some\n\npublic class Thing {\n}\n",
                            },
                        ],
                    },
                ),
                document_changes: None,
                change_annotations: None,
            },
        ),
        command: None,
        is_preferred: None,
        disabled: None,
        data: None,
    },
)
