---
source: crates/parser/src/java.rs
expression: result.unwrap()
---
Class {
    class_path: "ch.emilycares.Thrower",
    source: "/path/to/source/Thrower.java",
    access: Access(
        Public,
    ),
    imports: [
        Package(
            "ch.emilycares",
        ),
        Class(
            "java.io.IOException",
        ),
    ],
    name: "Thrower",
    methods: [
        Method {
            access: Access(
                Public | Protected,
            ),
            name: Some(
                "ioThrower",
            ),
            parameters: [],
            throws: [
                Class(
                    "IOException",
                ),
            ],
            ret: Void,
            source: None,
        },
        Method {
            access: Access(
                Public | Protected,
            ),
            name: Some(
                "ioThrower",
            ),
            parameters: [
                Parameter {
                    name: Some(
                        "a",
                    ),
                    jtype: Int,
                },
            ],
            throws: [
                Class(
                    "IOException",
                ),
                Class(
                    "IOException",
                ),
            ],
            ret: Void,
            source: None,
        },
    ],
    fields: [],
    super_class: None,
    super_interfaces: [],
}
